Total number of Clock Roots: 1.
Total number of Buffers Inserted: 1301.
Total number of Clock Subnets: 1301.
Total number of Sinks: 10471.
Buffers used:
  sky130_fd_sc_hd__clkbuf_16: 1301
Dummys used:
  sky130_fd_sc_hd__bufinv_16: 114
  sky130_fd_sc_hd__clkbuf_4: 128
  sky130_fd_sc_hd__clkbuf_8: 6
  sky130_fd_sc_hd__clkinv_1: 151
  sky130_fd_sc_hd__clkinv_2: 146
  sky130_fd_sc_hd__clkinv_4: 49
  sky130_fd_sc_hd__clkinv_8: 5
  sky130_fd_sc_hd__clkinvlp_4: 71
  sky130_fd_sc_hd__inv_4: 1
  sky130_fd_sc_hd__inv_6: 38
  sky130_fd_sc_hd__inv_8: 14
  sky130_fd_sc_hd__inv_12: 1
  sky130_fd_sc_hd__inv_16: 1
